This presentation has been IRM protected by policy.
Default Design
