"Munkáltató",,,,,,,,,
,,,,,,,,,
"Kérjük kitölteni és két munkanapon belül a MGI-BPO bérszámfejtésének megküldeni. Köszönjük.",,,,,,,,,
"Név",,,
"Születési név",,,
"Anyja  születési neve",,,
"Születési hely és Idő",,,
