Slide 1 header
Slide 2 text
Slide 2 header
Slide 2 bullet 1
Slide 2 bullet 2
